// Jest Snapshot v1, https://goo.gl/fbAQLP

exports[`app renders app 1`] = `<Incrementor />`;
