// Jest Snapshot v1, https://goo.gl/fbAQLP

exports[`App component renders a App 1`] = `
<div
  style={
    Object {
      "background": "",
      "height": "50em",
      "width": "50em",
    }
  }
/>
`;
